tailwind.config.ts(78,6): error TS1117: An object literal cannot have multiple properties with the same name.
tailwind.config.ts(86,6): error TS1117: An object literal cannot have multiple properties with the same name.
tailwind.config.ts(98,6): error TS1117: An object literal cannot have multiple properties with the same name.
tailwind.config.ts(99,6): error TS1117: An object literal cannot have multiple properties with the same name.
